// Jest Snapshot v1, https://goo.gl/fbAQLP

exports[`should render EditExpenseListFilters correctly 1`] = `ShallowWrapper {}`;

exports[`should render EditExpenseListFilters with alt data correctly 1`] = `ShallowWrapper {}`;
