// Jest Snapshot v1, https://goo.gl/fbAQLP

exports[`should render NotFoundPage correctly 1`] = `
<div
  className="NotFoundPage"
>
  NotFoundPage - 
  <Link
    to="/"
  >
    Go Home
  </Link>
</div>
`;
